BL51 BANKED LINKER/LOCATER V6.22.4.0                                                    08/22/2025  16:52:04  PAGE 1


BL51 BANKED LINKER/LOCATER V6.22.4.0, INVOKED BY:
C:\KEIL_V5\C51\BIN\BL51.EXE .\Output\i2c.obj, .\Output\main.obj, .\Output\sys.obj, .\Output\uart.obj, .\Output\delay.obj
>> , .\Output\STARTUP.obj TO .\Output\ADC_Bandgap_VDD PRINT (.\LST\ADC_Bandgap_VDD.m51) RAMSIZE (256) DISABLEWARNING (16
>> )


MEMORY MODEL: LARGE WITH FLOATING POINT ARITHMETIC


INPUT MODULES INCLUDED:
  .\Output\i2c.obj (I2C)
  .\Output\main.obj (MAIN)
  .\Output\sys.obj (SYS)
  .\Output\uart.obj (UART)
  .\Output\delay.obj (DELAY)
  .\Output\STARTUP.obj (?C_STARTUP)
  C:\KEIL_V5\C51\LIB\C51FPL.LIB (?C?FPADD)
  C:\KEIL_V5\C51\LIB\C51FPL.LIB (?C?FPMUL)
  C:\KEIL_V5\C51\LIB\C51FPL.LIB (?C?FPDIV)
  C:\KEIL_V5\C51\LIB\C51FPL.LIB (?C?FCAST)
  C:\KEIL_V5\C51\LIB\C51FPL.LIB (?C?FPGETOPN)
  C:\KEIL_V5\C51\LIB\C51L.LIB (?C_INIT)
  C:\KEIL_V5\C51\LIB\C51L.LIB (?C?IILDX)
  C:\KEIL_V5\C51\LIB\C51L.LIB (?C?LMUL)
  C:\KEIL_V5\C51\LIB\C51L.LIB (?C?ULDIV)
  C:\KEIL_V5\C51\LIB\C51L.LIB (?C?LNEG)
  C:\KEIL_V5\C51\LIB\C51L.LIB (?C?ULSHR)
  C:\KEIL_V5\C51\LIB\C51L.LIB (?C?LSTXDATA)
  C:\KEIL_V5\C51\LIB\C51L.LIB (?C?LSTKXDATA)
  C:\KEIL_V5\C51\LIB\C51L.LIB (?C?ICASE)
  C:\KEIL_V5\C51\LIB\C51L.LIB (?C?LIMUL)


LINK MAP OF MODULE:  .\Output\ADC_Bandgap_VDD (I2C)


            TYPE    BASE      LENGTH    RELOCATION   SEGMENT NAME
            -----------------------------------------------------

            * * * * * * *   D A T A   M E M O R Y   * * * * * * *
            REG     0000H     0008H     ABSOLUTE     "REG BANK 0"
            DATA    0008H     0003H     UNIT         ?DT?SYS
            DATA    000BH     0003H     UNIT         _DATA_GROUP_
                    000EH     0012H                  *** GAP ***
            BIT     0020H.0   0000H.3   UNIT         ?BI?UART
            BIT     0020H.3   0000H.1   UNIT         ?BI?MAIN
            BIT     0020H.4   0000H.1   UNIT         ?BI?SYS
            BIT     0020H.5   0000H.1   UNIT         _BIT_GROUP_
                    0020H.6   0000H.2                *** GAP ***
            IDATA   0021H     0001H     UNIT         ?STACK

            * * * * * * *  X D A T A   M E M O R Y  * * * * * * *
            XDATA   0000H     0014H     UNIT         _XDATA_GROUP_
            XDATA   0014H     0010H     UNIT         ?XD?MAIN
            XDATA   0024H     000CH     UNIT         ?XD?_TIMER3_DELAY?DELAY
            XDATA   0030H     0009H     UNIT         ?XD?_TIMER0_DELAY?DELAY
            XDATA   0039H     0009H     UNIT         ?XD?_TIMER1_DELAY?DELAY
            XDATA   0042H     0008H     UNIT         ?XD?_I2C_MASTER_OPEN?I2C
BL51 BANKED LINKER/LOCATER V6.22.4.0                                                  08/22/2025  16:52:04  PAGE 2


            XDATA   004AH     0002H     UNIT         ?XD?UART

            * * * * * * *   C O D E   M E M O R Y   * * * * * * *
            CODE    0000H     0003H     ABSOLUTE     
            CODE    0003H     0007H     UNIT         ?PR?I2C_CLEARTIMEOUTFLAG?I2C
                    000AH     0001H                  *** GAP ***
            CODE    000BH     0003H     ABSOLUTE     
            CODE    000EH     0015H     UNIT         ?PR?U16ADC_GETDATA?MAIN
            CODE    0023H     0003H     ABSOLUTE     
            CODE    0026H     0045H     UNIT         ?PR?_I2C_READ?I2C
            CODE    006BH     000FH     UNIT         ?PR?_UART_SEND_DATA?UART
                    007AH     0001H                  *** GAP ***
            CODE    007BH     0003H     ABSOLUTE     
            CODE    007EH     0511H     UNIT         ?C?LIB_CODE
            CODE    058FH     01A9H     UNIT         ?PR?_UART_OPEN?UART
            CODE    0738H     0189H     UNIT         ?PR?_TIMER3_DELAY?DELAY
            CODE    08C1H     0156H     UNIT         ?PR?_TIMER2_DELAY?DELAY
            CODE    0A17H     00FCH     UNIT         ?PR?_MODIFY_HIRC?SYS
            CODE    0B13H     00DBH     UNIT         ?PR?MAIN?MAIN
            CODE    0BEEH     00D5H     UNIT         ?PR?_TIMER0_DELAY?DELAY
            CODE    0CC3H     00D5H     UNIT         ?PR?_TIMER1_DELAY?DELAY
            CODE    0D98H     00C2H     UNIT         ?PR?_FCONVERTADCTOINPUTVOLTAGE?MAIN
            CODE    0E5AH     00BEH     UNIT         ?PR?VMEASUREBATTERY?MAIN
            CODE    0F18H     009AH     UNIT         ?C_C51STARTUP
            CODE    0FB2H     0099H     UNIT         ?PR?VUNLOCK_BOTHGUNS?MAIN
            CODE    104BH     007DH     UNIT         ?PR?_CLOCKSWITCH?SYS
            CODE    10C8H     0076H     UNIT         ?PR?TIMER0_ISR?MAIN
            CODE    113EH     0076H     UNIT         ?PR?VI2C_SEND_CHARGING_COMMANDS?MAIN
            CODE    11B4H     0058H     UNIT         ?PR?_FSYSSELECT?SYS
            CODE    120CH     0041H     UNIT         ?PR?_VTIMER0_INIT_DYNAMIC?MAIN
            CODE    124DH     003BH     UNIT         ?PR?VUART_INIT?MAIN
            CODE    1288H     0039H     UNIT         ?PR?INIT_I2C?I2C
            CODE    12C1H     0039H     UNIT         ?PR?_CLOCKENABLE?SYS
            CODE    12FAH     0036H     UNIT         ?PR?ENABLE_UART0_VCOM_PRINTF_24M_115200?UART
            CODE    1330H     002CH     UNIT         ?PR?VADC_INIT?MAIN
            CODE    135CH     002AH     UNIT         ?PR?_CLOCKDISABLE?SYS
            CODE    1386H     0026H     UNIT         ?PR?_BQ24735_READ?I2C
            CODE    13ACH     0026H     UNIT         ?PR?SERIAL_ISR?UART
            CODE    13D2H     0026H     UNIT         ?PR?SERIALPORT1_ISR?UART
            CODE    13F8H     0023H     UNIT         ?PR?_I2C_MASTER_OPEN?I2C
            CODE    141BH     0022H     UNIT         ?PR?_BQ24735_WRITE?I2C
            CODE    143DH     001EH     UNIT         ?PR?I2C_START?I2C
            CODE    145BH     001EH     UNIT         ?PR?I2C_STOP?I2C
            CODE    1479H     001EH     UNIT         ?PR?_I2C_WRITE?I2C
            CODE    1497H     001DH     UNIT         ?C_INITSEG
            CODE    14B4H     001CH     UNIT         ?PR?_TIMER_INTERRUPT_ENABLE?DELAY
            CODE    14D0H     001BH     UNIT         ?PR?I2C0_SI_CHECK?I2C
            CODE    14EBH     001AH     UNIT         ?PR?_RECEIVE_DATA?UART
            CODE    1505H     0011H     UNIT         ?PR?_I2C_INTERRUPT?I2C
            CODE    1516H     0011H     UNIT         ?PR?_I2C_TIMEOUT?I2C
            CODE    1527H     000AH     UNIT         ?PR?_I2C_SLAVE_OPEN?I2C
            CODE    1531H     0009H     UNIT         ?PR?VGUNINPUTANDI2CCMD?MAIN
            CODE    153AH     0006H     UNIT         ?PR?I2C_CLOSE?I2C
            CODE    1540H     0006H     UNIT         ?PR?I2C_GETSTATUS?I2C
            CODE    1546H     0003H     UNIT         ?PR?I2C_ERROR?I2C


BL51 BANKED LINKER/LOCATER V6.22.4.0                                                  08/22/2025  16:52:04  PAGE 3



OVERLAY MAP OF MODULE:   .\Output\ADC_Bandgap_VDD (I2C)


SEGMENT                                             BIT_GROUP          DATA_GROUP          XDATA_GROUP
  +--> CALLED SEGMENT                            START    LENGTH     START    LENGTH     START    LENGTH
--------------------------------------------------------------------------------------------------------
?C_C51STARTUP                                    -----    -----      -----    -----      -----    -----
  +--> ?PR?MAIN?MAIN
  +--> ?C_INITSEG

?PR?MAIN?MAIN                                    0020H.5  0000H.1    -----    -----      -----    -----
  +--> ?PR?VUART_INIT?MAIN
  +--> ?PR?VADC_INIT?MAIN
  +--> ?PR?_VTIMER0_INIT_DYNAMIC?MAIN
  +--> ?PR?INIT_I2C?I2C
  +--> ?PR?VI2C_SEND_CHARGING_COMMANDS?MAIN
  +--> ?PR?VGUNINPUTANDI2CCMD?MAIN
  +--> ?PR?_TIMER2_DELAY?DELAY
  +--> ?PR?VUNLOCK_BOTHGUNS?MAIN
  +--> ?PR?VMEASUREBATTERY?MAIN

?PR?VUART_INIT?MAIN                              -----    -----      -----    -----      -----    -----
  +--> ?PR?_MODIFY_HIRC?SYS
  +--> ?PR?_UART_OPEN?UART

?PR?_MODIFY_HIRC?SYS                             -----    -----      000BH    0003H      -----    -----

?PR?_UART_OPEN?UART                              -----    -----      -----    -----      0000H    0009H

?PR?VI2C_SEND_CHARGING_COMMANDS?MAIN             -----    -----      -----    -----      0000H    0006H
  +--> ?PR?_BQ24735_READ?I2C
  +--> ?PR?_TIMER2_DELAY?DELAY
  +--> ?PR?_BQ24735_WRITE?I2C

?PR?_BQ24735_READ?I2C                            -----    -----      -----    -----      -----    -----
  +--> ?PR?I2C_START?I2C
  +--> ?PR?_I2C_WRITE?I2C
  +--> ?PR?_I2C_READ?I2C
  +--> ?PR?I2C_STOP?I2C

?PR?_TIMER2_DELAY?DELAY                          -----    -----      -----    -----      0006H    000DH

?PR?_BQ24735_WRITE?I2C                           -----    -----      -----    -----      -----    -----
  +--> ?PR?I2C_START?I2C
  +--> ?PR?_I2C_WRITE?I2C
  +--> ?PR?I2C_STOP?I2C

?PR?VGUNINPUTANDI2CCMD?MAIN                      -----    -----      -----    -----      -----    -----
  +--> ?PR?VI2C_SEND_CHARGING_COMMANDS?MAIN

?PR?VUNLOCK_BOTHGUNS?MAIN                        -----    -----      -----    -----      -----    -----
  +--> ?PR?_TIMER2_DELAY?DELAY

?PR?VMEASUREBATTERY?MAIN                         -----    -----      -----    -----      -----    -----
  +--> ?PR?U16ADC_GETDATA?MAIN
  +--> ?PR?_FCONVERTADCTOINPUTVOLTAGE?MAIN
BL51 BANKED LINKER/LOCATER V6.22.4.0                                                  08/22/2025  16:52:04  PAGE 4



?PR?_FCONVERTADCTOINPUTVOLTAGE?MAIN              -----    -----      -----    -----      0000H    0014H



SYMBOL TABLE OF MODULE:  .\Output\ADC_Bandgap_VDD (I2C)

  VALUE           TYPE          NAME
  ----------------------------------

  -------         MODULE        I2C
  C:0000H         SYMBOL        _ICE_DUMMY_
  D:00B3H         PUBLIC        P1M1
  D:0080H         PUBLIC        P0
  D:00B4H         PUBLIC        P1M2
  D:0090H         PUBLIC        P1
  B:00C0H.2       PUBLIC        AA
  D:00A0H         PUBLIC        P2
  D:00B0H         PUBLIC        P3
  C:13F8H         PUBLIC        _I2C_Master_Open
  B:00A8H.7       PUBLIC        EA
  D:00D8H         PUBLIC        PWMCON0
  C:1516H         PUBLIC        _I2C_Timeout
  D:00A8H         PUBLIC        IE
  C:1527H         PUBLIC        _I2C_Slave_Open
  D:00C7H         PUBLIC        TA
  C:153AH         PUBLIC        I2C_Close
  D:00C1H         PUBLIC        I2ADDR
  D:00B8H         PUBLIC        IP
  C:1386H         PUBLIC        _BQ24735_read
  B:00C0H.3       PUBLIC        SI
  C:141BH         PUBLIC        _BQ24735_write
  C:1546H         PUBLIC        I2C_Error
  C:14D0H         PUBLIC        I2C0_SI_Check
  D:0098H         PUBLIC        SCON
  D:0088H         PUBLIC        TCON
  C:1288H         PUBLIC        Init_I2C
  D:00BDH         PUBLIC        I2STAT
  C:0026H         PUBLIC        _I2C_read
  D:0091H         PUBLIC        SFRS
  D:00F8H         PUBLIC        SCON_1
  C:1540H         PUBLIC        I2C_GetStatus
  C:1479H         PUBLIC        _I2C_write
  C:143DH         PUBLIC        I2C_start
  B:00C0H.6       PUBLIC        I2CEN
  D:009BH         PUBLIC        EIE
  D:00BCH         PUBLIC        I2DAT
  D:00BEH         PUBLIC        I2CLK
  D:00E8H         PUBLIC        ADCCON0
  D:00C0H         PUBLIC        I2CON
  D:00BFH         PUBLIC        I2TOC
  B:00C0H.0       PUBLIC        I2CPX
  D:00C8H         PUBLIC        T2CON
  C:145BH         PUBLIC        I2C_stop
  B:00C0H.5       PUBLIC        STA
  C:0003H         PUBLIC        I2C_ClearTimeoutFlag
  C:1505H         PUBLIC        _I2C_Interrupt
BL51 BANKED LINKER/LOCATER V6.22.4.0                                                  08/22/2025  16:52:04  PAGE 5


  B:00C0H.4       PUBLIC        STO
  D:00D0H         PUBLIC        PSW
  -------         PROC          _I2C_MASTER_OPEN
  D:0004H         SYMBOL        u32SYSCLK
  X:0046H         SYMBOL        u32I2CCLK
  C:13F8H         LINE#         30
  C:13F8H         LINE#         31
  C:13F8H         LINE#         32
  C:13FBH         LINE#         33
  C:1418H         LINE#         34
  C:141AH         LINE#         36
  -------         ENDPROC       _I2C_MASTER_OPEN
  -------         PROC          _I2C_SLAVE_OPEN
  D:0007H         SYMBOL        u8SlaveAddress0
  C:1527H         LINE#         38
  C:1527H         LINE#         39
  C:1527H         LINE#         40
  C:152AH         LINE#         41
  C:152CH         LINE#         42
  C:152EH         LINE#         43
  C:1530H         LINE#         44
  -------         ENDPROC       _I2C_SLAVE_OPEN
  -------         PROC          I2C_CLOSE
  C:153AH         LINE#         46
  C:153AH         LINE#         47
  C:153AH         LINE#         48
  C:153DH         LINE#         49
  C:153FH         LINE#         50
  -------         ENDPROC       I2C_CLOSE
  -------         PROC          _I2C_INTERRUPT
  D:0007H         SYMBOL        u8I2CStatus
  C:1505H         LINE#         53
  C:1505H         LINE#         54
  C:1505H         LINE#         55
  C:1508H         LINE#         56
  C:150EH         LINE#         57
  C:150EH         LINE#         58
  C:1512H         LINE#         59
  C:1515H         LINE#         60
  C:1515H         LINE#         61
  -------         ENDPROC       _I2C_INTERRUPT
  -------         PROC          I2C_GETSTATUS
  -------         DO            
  D:0007H         SYMBOL        u8i2cstat
  -------         ENDDO         
  C:1540H         LINE#         64
  C:1540H         LINE#         65
  C:1540H         LINE#         67
  C:1543H         LINE#         68
  C:1545H         LINE#         69
  C:1545H         LINE#         70
  -------         ENDPROC       I2C_GETSTATUS
  -------         PROC          _I2C_TIMEOUT
  D:0007H         SYMBOL        u8I2CTRStatus
  C:1516H         LINE#         72
  C:1516H         LINE#         73
  C:1516H         LINE#         74
BL51 BANKED LINKER/LOCATER V6.22.4.0                                                  08/22/2025  16:52:04  PAGE 6


  C:151CH         LINE#         75
  C:151CH         LINE#         76
  C:1523H         LINE#         77
  C:1526H         LINE#         78
  C:1526H         LINE#         79
  -------         ENDPROC       _I2C_TIMEOUT
  -------         PROC          I2C_CLEARTIMEOUTFLAG
  C:0003H         LINE#         82
  C:0003H         LINE#         83
  C:0003H         LINE#         84
  C:0006H         LINE#         85
  C:0009H         LINE#         86
  -------         ENDPROC       I2C_CLEARTIMEOUTFLAG
  -------         PROC          I2C0_SI_CHECK
  C:14D0H         LINE#         88
  C:14D0H         LINE#         89
  C:14D0H         LINE#         90
  C:14D2H         LINE#         92
  C:14D7H         LINE#         93
  C:14D7H         LINE#         94
  C:14DBH         LINE#         95
  C:14DBH         LINE#         96
  C:14DDH         LINE#         97
  C:14DDH         LINE#         98
  C:14DFH         LINE#         99
  C:14E2H         LINE#         100
  C:14E2H         LINE#         101
  C:14E4H         LINE#         102
  C:14E6H         LINE#         103
  C:14E8H         LINE#         104
  C:14E8H         LINE#         105
  C:14EAH         LINE#         106
  -------         ENDPROC       I2C0_SI_CHECK
  -------         PROC          INIT_I2C
  C:1288H         LINE#         109
  C:1288H         LINE#         110
  C:1288H         LINE#         111
  C:12A1H         LINE#         112
  C:12B9H         LINE#         114
  C:12BCH         LINE#         115
  C:12BEH         LINE#         117
  C:12C0H         LINE#         118
  -------         ENDPROC       INIT_I2C
  -------         PROC          I2C_ERROR
  C:1546H         LINE#         120
  C:1546H         LINE#         121
  C:1546H         LINE#         123
  -------         ENDPROC       I2C_ERROR
  -------         PROC          I2C_START
  -------         DO            
  D:0006H         SYMBOL        time
  -------         ENDDO         
  C:143DH         LINE#         125
  C:143DH         LINE#         126
  C:143DH         LINE#         127
  C:1441H         LINE#         128
  C:1443H         LINE#         129
BL51 BANKED LINKER/LOCATER V6.22.4.0                                                  08/22/2025  16:52:04  PAGE 7


  C:1445H         LINE#         130
  C:1453H         LINE#         131
  C:1453H         LINE#         132
  C:1458H         LINE#         133
  C:145AH         LINE#         135
  -------         ENDPROC       I2C_START
  -------         PROC          I2C_STOP
  -------         DO            
  D:0006H         SYMBOL        t
  -------         ENDDO         
  C:145BH         LINE#         136
  C:145BH         LINE#         137
  C:145BH         LINE#         139
  C:145FH         LINE#         140
  C:1461H         LINE#         141
  C:1463H         LINE#         142
  C:1471H         LINE#         143
  C:1471H         LINE#         144
  C:1476H         LINE#         145
  C:1478H         LINE#         146
  -------         ENDPROC       I2C_STOP
  -------         PROC          _I2C_WRITE
  D:0007H         SYMBOL        u8DAT
  -------         DO            
  D:0004H         SYMBOL        t
  -------         ENDDO         
  C:1479H         LINE#         149
  C:1479H         LINE#         150
  C:1479H         LINE#         152
  C:147DH         LINE#         154
  C:147FH         LINE#         155
  C:1481H         LINE#         156
  C:1483H         LINE#         157
  C:148FH         LINE#         158
  C:148FH         LINE#         159
  C:1494H         LINE#         160
  C:1496H         LINE#         161
  -------         ENDPROC       _I2C_WRITE
  -------         PROC          _I2C_READ
  D:0007H         SYMBOL        ack_mode
  -------         DO            
  D:0004H         SYMBOL        t
  D:0006H         SYMBOL        value
  -------         ENDDO         
  C:0026H         LINE#         162
  C:0026H         LINE#         163
  C:0026H         LINE#         164
  C:002AH         LINE#         165
  C:002CH         LINE#         166
  C:002EH         LINE#         167
  C:0030H         LINE#         168
  C:003EH         LINE#         169
  C:003EH         LINE#         170
  C:0043H         LINE#         171
  C:0045H         LINE#         172
  C:0047H         LINE#         173
  C:004BH         LINE#         174
BL51 BANKED LINKER/LOCATER V6.22.4.0                                                  08/22/2025  16:52:04  PAGE 8


  C:004BH         LINE#         175
  C:004FH         LINE#         176
  C:0051H         LINE#         177
  C:0053H         LINE#         178
  C:0061H         LINE#         179
  C:0061H         LINE#         180
  C:0066H         LINE#         181
  C:0068H         LINE#         182
  C:0068H         LINE#         184
  -------         ENDPROC       _I2C_READ
  -------         PROC          _BQ24735_WRITE
  D:0001H         SYMBOL        address
  D:0002H         SYMBOL        value
  C:141BH         LINE#         185
  C:1421H         LINE#         186
  C:1421H         LINE#         187
  C:1424H         LINE#         188
  C:1429H         LINE#         189
  C:142EH         LINE#         190
  C:1434H         LINE#         191
  C:1439H         LINE#         193
  C:143CH         LINE#         194
  -------         ENDPROC       _BQ24735_WRITE
  -------         PROC          _BQ24735_READ
  D:0003H         SYMBOL        address
  -------         DO            
  D:0005H         SYMBOL        value
  -------         ENDDO         
  C:1386H         LINE#         196
  C:1388H         LINE#         197
  C:1388H         LINE#         198
  C:138AH         LINE#         199
  C:138DH         LINE#         200
  C:1392H         LINE#         201
  C:1397H         LINE#         202
  C:139AH         LINE#         203
  C:139FH         LINE#         204
  C:13A6H         LINE#         205
  C:13A9H         LINE#         206
  C:13ABH         LINE#         207
  -------         ENDPROC       _BQ24735_READ
  -------         ENDMOD        I2C

  -------         MODULE        MAIN
  C:0000H         SYMBOL        _ICE_DUMMY_
  D:00F6H         PUBLIC        AINDIDS
  D:00B1H         PUBLIC        P0M1
  D:00B3H         PUBLIC        P1M1
  D:00B2H         PUBLIC        P0M2
  D:0080H         PUBLIC        P0
  D:00B4H         PUBLIC        P1M2
  D:0090H         PUBLIC        P1
  D:00A0H         PUBLIC        P2
  D:00B0H         PUBLIC        P3
  C:10C8H         PUBLIC        Timer0_ISR
  C:113EH         PUBLIC        vI2C_Send_charging_commands
  X:0014H         PUBLIC        u16Cnt
BL51 BANKED LINKER/LOCATER V6.22.4.0                                                  08/22/2025  16:52:04  PAGE 9


  B:00A8H.7       PUBLIC        EA
  D:00D8H         PUBLIC        PWMCON0
  C:124DH         PUBLIC        vUart_Init
  X:0016H         PUBLIC        u16AdcVal
  D:00A8H         PUBLIC        IE
  B:00E8H.7       PUBLIC        ADCF
  D:00C7H         PUBLIC        TA
  D:00B8H         PUBLIC        IP
  X:0018H         PUBLIC        fBattVolt
  B:00E8H.6       PUBLIC        ADCS
  B:0098H.1       PUBLIC        TI
  C:1531H         PUBLIC        vGunInputAndI2CCmd
  C:000EH         PUBLIC        u16ADC_GetData
  C:0B13H         PUBLIC        main
  C:0E5AH         PUBLIC        vMeasureBattery
  B:0080H.0       PUBLIC        P00
  B:0090H.0       PUBLIC        P10
  B:0090H.1       PUBLIC        P11
  B:0080H.3       PUBLIC        P03
  B:0090H.2       PUBLIC        P12
  D:0098H         PUBLIC        SCON
  D:0089H         PUBLIC        TMOD
  D:0088H         PUBLIC        TCON
  C:1330H         PUBLIC        vADC_Init
  B:0020H.3       PUBLIC        bGunPinsConfigured
  D:0091H         PUBLIC        SFRS
  D:00F8H         PUBLIC        SCON_1
  B:00A8H.1       PUBLIC        ET0
  B:0088H.5       PUBLIC        TF0
  C:120CH         PUBLIC        _vTimer0_Init_Dynamic
  D:008CH         PUBLIC        TH0
  D:008AH         PUBLIC        TL0
  X:001CH         PUBLIC        u8TH0_reload
  B:0088H.4       PUBLIC        TR0
  X:001DH         PUBLIC        u8TL0_reload
  D:00E8H         PUBLIC        ADCCON0
  D:00E1H         PUBLIC        ADCCON1
  D:00C0H         PUBLIC        I2CON
  D:00C3H         PUBLIC        ADCRH
  C:0D98H         PUBLIC        _fConvertADCtoInputVoltage
  D:00C8H         PUBLIC        T2CON
  D:00C2H         PUBLIC        ADCRL
  X:001EH         PUBLIC        u16FilterVal
  D:008EH         PUBLIC        CKCON
  X:0020H         PUBLIC        u32AccumulatedVal
  C:0FB2H         PUBLIC        vUnlock_BothGuns
  D:00D0H         PUBLIC        PSW
  -------         PROC          TIMER0_ISR
  C:10C8H         LINE#         113
  C:10D9H         LINE#         115
  C:10DBH         LINE#         117
  C:10E1H         LINE#         118
  C:10E5H         LINE#         119
  C:10E7H         LINE#         121
  C:10FCH         LINE#         122
  C:1103H         LINE#         123
  C:1103H         LINE#         125
BL51 BANKED LINKER/LOCATER V6.22.4.0                                                  08/22/2025  16:52:04  PAGE 10


  C:1118H         LINE#         126
  C:112DH         LINE#         128
  C:112FH         LINE#         129
  -------         ENDPROC       TIMER0_ISR
  -------         PROC          MAIN
  -------         DO            
  B:0020H.5       SYMBOL        bIsAcMainsPrevState
  -------         ENDDO         
  C:0B13H         LINE#         135
  C:0B13H         LINE#         136
  C:0B13H         LINE#         137
  C:0B15H         LINE#         139
  C:0B76H         LINE#         140
  C:0B8EH         LINE#         142
  C:0B91H         LINE#         143
  C:0B94H         LINE#         144
  C:0B9BH         LINE#         146
  C:0B9EH         LINE#         148
  C:0BA1H         LINE#         151
  C:0BA3H         LINE#         152
  C:0BA5H         LINE#         153
  C:0BA7H         LINE#         154
  C:0BA9H         LINE#         162
  C:0BA9H         LINE#         163
  C:0BA9H         LINE#         164
  C:0BACH         LINE#         165
  C:0BACH         LINE#         166
  C:0BAFH         LINE#         167
  C:0BB1H         LINE#         168
  C:0BB3H         LINE#         170
  C:0BB3H         LINE#         171
  C:0BB6H         LINE#         172
  C:0BB6H         LINE#         173
  C:0BD9H         LINE#         175
  C:0BE3H         LINE#         176
  C:0BE3H         LINE#         177
  C:0BE6H         LINE#         178
  C:0BE8H         LINE#         179
  C:0BE8H         LINE#         180
  C:0BE8H         LINE#         181
  C:0BE8H         LINE#         182
  C:0BEBH         LINE#         183
  -------         ENDPROC       MAIN
  -------         PROC          VUNLOCK_BOTHGUNS
  C:0FB2H         LINE#         192
  C:0FB2H         LINE#         193
  C:0FB2H         LINE#         194
  C:0FB4H         LINE#         195
  C:0FB6H         LINE#         197
  C:0FB8H         LINE#         198
  C:0FDAH         LINE#         199
  C:0FDCH         LINE#         201
  C:0FFFH         LINE#         203
  C:1001H         LINE#         204
  C:1023H         LINE#         205
  C:1025H         LINE#         207
  C:1048H         LINE#         209
BL51 BANKED LINKER/LOCATER V6.22.4.0                                                  08/22/2025  16:52:04  PAGE 11


  C:104AH         LINE#         210
  -------         ENDPROC       VUNLOCK_BOTHGUNS
  -------         PROC          VGUNINPUTANDI2CCMD
  C:1531H         LINE#         217
  C:1531H         LINE#         218
  C:1531H         LINE#         219
  C:1534H         LINE#         220
  C:1534H         LINE#         221
  C:1537H         LINE#         224
  C:1539H         LINE#         225
  C:1539H         LINE#         226
  -------         ENDPROC       VGUNINPUTANDI2CCMD
  -------         PROC          VI2C_SEND_CHARGING_COMMANDS
  -------         DO            
  X:0000H         SYMBOL        manf_id
  X:0001H         SYMBOL        dev_id
  X:0002H         SYMBOL        chargOption
  X:0004H         SYMBOL        bdta
  -------         ENDDO         
  C:113EH         LINE#         234
  C:113EH         LINE#         235
  C:113EH         LINE#         240
  C:1148H         LINE#         241
  C:1152H         LINE#         243
  C:1175H         LINE#         247
  C:117EH         LINE#         267
  C:1187H         LINE#         268
  C:1190H         LINE#         270
  C:11B3H         LINE#         271
  -------         ENDPROC       VI2C_SEND_CHARGING_COMMANDS
  -------         PROC          VMEASUREBATTERY
  C:0E5AH         LINE#         279
  C:0E5AH         LINE#         280
  C:0E5AH         LINE#         282
  C:0E60H         LINE#         283
  C:0E60H         LINE#         284
  C:0E6BH         LINE#         285
  C:0EB3H         LINE#         286
  C:0EDEH         LINE#         287
  C:0EF9H         LINE#         288
  C:0F02H         LINE#         289
  C:0F17H         LINE#         290
  C:0F17H         LINE#         297
  -------         ENDPROC       VMEASUREBATTERY
  -------         PROC          _FCONVERTADCTOINPUTVOLTAGE
  X:0000H         SYMBOL        u16AdcCount
  -------         DO            
  D:0004H         SYMBOL        fAdcVoltage
  D:0004H         SYMBOL        fInputVoltage
  X:0002H         SYMBOL        fR1
  X:0006H         SYMBOL        fR2
  X:000AH         SYMBOL        fDIVIDER_RATIO
  X:000EH         SYMBOL        fADC_REF_VOLTAGE
  X:0012H         SYMBOL        u16ADC_MAX_COUNT
  -------         ENDDO         
  C:0D98H         LINE#         306
  C:0DA0H         LINE#         307
BL51 BANKED LINKER/LOCATER V6.22.4.0                                                  08/22/2025  16:52:04  PAGE 12


  C:0DA0H         LINE#         311
  C:0DA8H         LINE#         312
  C:0DB2H         LINE#         313
  C:0DF0H         LINE#         314
  C:0DFAH         LINE#         315
  C:0E04H         LINE#         318
  C:0E48H         LINE#         321
  C:0E59H         LINE#         323
  C:0E59H         LINE#         324
  -------         ENDPROC       _FCONVERTADCTOINPUTVOLTAGE
  -------         PROC          VADC_INIT
  C:1330H         LINE#         334
  C:1330H         LINE#         335
  C:1330H         LINE#         336
  C:1333H         LINE#         337
  C:1336H         LINE#         339
  C:134FH         LINE#         341
  C:1352H         LINE#         343
  C:1355H         LINE#         345
  C:1358H         LINE#         346
  C:135BH         LINE#         347
  -------         ENDPROC       VADC_INIT
  -------         PROC          U16ADC_GETDATA
  C:000EH         LINE#         355
  C:000EH         LINE#         356
  C:000EH         LINE#         357
  C:0022H         LINE#         358
  -------         ENDPROC       U16ADC_GETDATA
  -------         PROC          _VTIMER0_INIT_DYNAMIC
  D:0006H         SYMBOL        u16Delay_us
  -------         DO            
  D:0004H         SYMBOL        u16Reload
  D:0006H         SYMBOL        u16Ticks
  -------         ENDDO         
  C:120CH         LINE#         369
  C:120CH         LINE#         370
  C:120CH         LINE#         372
  C:1213H         LINE#         375
  C:1219H         LINE#         376
  C:121DH         LINE#         379
  C:1227H         LINE#         382
  C:1237H         LINE#         383
  C:123CH         LINE#         386
  C:123EH         LINE#         387
  C:1240H         LINE#         390
  C:1243H         LINE#         391
  C:1246H         LINE#         392
  C:1248H         LINE#         393
  C:124AH         LINE#         394
  C:124CH         LINE#         395
  -------         ENDPROC       _VTIMER0_INIT_DYNAMIC
  -------         PROC          VUART_INIT
  C:124DH         LINE#         405
  C:124DH         LINE#         406
  C:124DH         LINE#         408
  C:1252H         LINE#         409
  C:126BH         LINE#         410
BL51 BANKED LINKER/LOCATER V6.22.4.0                                                  08/22/2025  16:52:04  PAGE 13


  C:1283H         LINE#         411
  C:1287H         LINE#         412
  -------         ENDPROC       VUART_INIT
  -------         ENDMOD        MAIN

  -------         MODULE        SYS
  C:0000H         SYMBOL        _ICE_DUMMY_
  D:0080H         PUBLIC        P0
  D:0090H         PUBLIC        P1
  D:00A0H         PUBLIC        P2
  D:00B0H         PUBLIC        P3
  D:0084H         PUBLIC        RCTRIM0
  D:0085H         PUBLIC        RCTRIM1
  B:00A8H.7       PUBLIC        EA
  D:00D8H         PUBLIC        PWMCON0
  D:0008H         PUBLIC        BYTE_TMP
  C:11B4H         PUBLIC        _FsysSelect
  D:00A8H         PUBLIC        IE
  D:0096H         PUBLIC        CKSWT
  D:0009H         PUBLIC        SFRS_TMP
  D:00C7H         PUBLIC        TA
  D:00B8H         PUBLIC        IP
  D:0097H         PUBLIC        CKEN
  D:000AH         PUBLIC        TA_REG_TMP
  C:135CH         PUBLIC        _ClockDisable
  B:0020H.4       PUBLIC        BIT_TMP
  D:0098H         PUBLIC        SCON
  D:0088H         PUBLIC        TCON
  C:12C1H         PUBLIC        _ClockEnable
  D:009FH         PUBLIC        CHPCON
  D:0091H         PUBLIC        SFRS
  D:00F8H         PUBLIC        SCON_1
  D:00A4H         PUBLIC        IAPTRG
  C:0A17H         PUBLIC        _MODIFY_HIRC
  D:00E8H         PUBLIC        ADCCON0
  D:00C0H         PUBLIC        I2CON
  D:00A7H         PUBLIC        IAPAH
  D:00AEH         PUBLIC        IAPFD
  C:104BH         PUBLIC        _ClockSwitch
  D:00C8H         PUBLIC        T2CON
  D:00A6H         PUBLIC        IAPAL
  D:00AFH         PUBLIC        IAPCN
  D:00D0H         PUBLIC        PSW
  -------         PROC          _MODIFY_HIRC
  D:0007H         SYMBOL        u8HIRCSEL
  -------         DO            
  D:000BH         SYMBOL        hircmap0
  D:000CH         SYMBOL        hircmap1
  D:000DH         SYMBOL        offset
  D:0006H         SYMBOL        trimvalue16bit
  -------         ENDDO         
  C:0A17H         LINE#         26
  C:0A17H         LINE#         27
  C:0A17H         LINE#         31
  C:0A1AH         LINE#         32
  C:0A26H         LINE#         33
  C:0A26H         LINE#         34
BL51 BANKED LINKER/LOCATER V6.22.4.0                                                  08/22/2025  16:52:04  PAGE 14


  C:0A26H         LINE#         35
  C:0A29H         LINE#         36
  C:0A2BH         LINE#         37
  C:0A2BH         LINE#         38
  C:0A2EH         LINE#         39
  C:0A30H         LINE#         40
  C:0A30H         LINE#         41
  C:0A33H         LINE#         42
  C:0A33H         LINE#         43
  C:0A33H         LINE#         44
  C:0A46H         LINE#         45
  C:0A49H         LINE#         46
  C:0A4CH         LINE#         47
  C:0A5FH         LINE#         48
  C:0A62H         LINE#         49
  C:0A64H         LINE#         50
  C:0A77H         LINE#         51
  C:0A7AH         LINE#         52
  C:0A7FH         LINE#         53
  C:0A7FH         LINE#         54
  C:0A7FH         LINE#         55
  C:0A92H         LINE#         56
  C:0A9AH         LINE#         58
  C:0A9DH         LINE#         59
  C:0AA0H         LINE#         60
  C:0AA3H         LINE#         61
  C:0AB6H         LINE#         62
  C:0AC7H         LINE#         63
  C:0AC7H         LINE#         64
  C:0ACDH         LINE#         65
  C:0AD2H         LINE#         66
  C:0ADCH         LINE#         68
  C:0AE1H         LINE#         69
  C:0AE1H         LINE#         70
  C:0AE6H         LINE#         71
  C:0AEDH         LINE#         73
  C:0AEDH         LINE#         74
  C:0AEDH         LINE#         75
  C:0AEDH         LINE#         76
  C:0AF0H         LINE#         77
  C:0AF3H         LINE#         78
  C:0AF6H         LINE#         79
  C:0AF9H         LINE#         80
  C:0AFCH         LINE#         81
  C:0AFFH         LINE#         82
  C:0B12H         LINE#         83
  -------         ENDPROC       _MODIFY_HIRC
  -------         PROC          _FSYSSELECT
  D:0007H         SYMBOL        u8FsysMode
  C:11B4H         LINE#         95
  C:11B4H         LINE#         96
  C:11B4H         LINE#         97
  C:11C0H         LINE#         98
  C:11C0H         LINE#         100
  C:11C0H         LINE#         101
  C:11C5H         LINE#         102
  C:11CAH         LINE#         103
BL51 BANKED LINKER/LOCATER V6.22.4.0                                                  08/22/2025  16:52:04  PAGE 15


  C:11CBH         LINE#         106
  C:11CBH         LINE#         107
  C:11D0H         LINE#         108
  C:11E3H         LINE#         109
  C:11E4H         LINE#         112
  C:11E4H         LINE#         113
  C:11E9H         LINE#         114
  C:11EEH         LINE#         115
  C:11F3H         LINE#         116
  C:11F8H         LINE#         117
  C:120BH         LINE#         118
  C:120BH         LINE#         119
  C:120BH         LINE#         120
  -------         ENDPROC       _FSYSSELECT
  -------         PROC          _CLOCKENABLE
  D:0007H         SYMBOL        u8FsysMode
  C:12C1H         LINE#         122
  C:12C1H         LINE#         123
  C:12C1H         LINE#         124
  C:12CAH         LINE#         125
  C:12CAH         LINE#         127
  C:12CAH         LINE#         128
  C:12DDH         LINE#         129
  C:12E7H         LINE#         130
  C:12E8H         LINE#         132
  C:12E8H         LINE#         133
  C:12F1H         LINE#         134
  C:12F9H         LINE#         135
  C:12F9H         LINE#         136
  C:12F9H         LINE#         137
  -------         ENDPROC       _CLOCKENABLE
  -------         PROC          _CLOCKDISABLE
  D:0007H         SYMBOL        u8FsysMode
  C:135CH         LINE#         139
  C:135CH         LINE#         140
  C:135CH         LINE#         141
  C:135FH         LINE#         142
  C:1368H         LINE#         143
  C:1368H         LINE#         145
  C:1368H         LINE#         146
  C:137BH         LINE#         147
  C:137CH         LINE#         149
  C:137CH         LINE#         150
  C:1385H         LINE#         151
  C:1385H         LINE#         152
  C:1385H         LINE#         153
  -------         ENDPROC       _CLOCKDISABLE
  -------         PROC          _CLOCKSWITCH
  D:0007H         SYMBOL        u8FsysMode
  C:104BH         LINE#         155
  C:104BH         LINE#         156
  C:104BH         LINE#         157
  C:104EH         LINE#         158
  C:1054H         LINE#         159
  C:1060H         LINE#         160
  C:1060H         LINE#         162
  C:1060H         LINE#         163
BL51 BANKED LINKER/LOCATER V6.22.4.0                                                  08/22/2025  16:52:04  PAGE 16


  C:1073H         LINE#         164
  C:1086H         LINE#         165
  C:1088H         LINE#         167
  C:1088H         LINE#         168
  C:109BH         LINE#         169
  C:10AEH         LINE#         170
  C:10B0H         LINE#         172
  C:10B0H         LINE#         173
  C:10C3H         LINE#         174
  C:10C3H         LINE#         175
  C:10C3H         LINE#         176
  C:10C7H         LINE#         177
  -------         ENDPROC       _CLOCKSWITCH
  -------         ENDMOD        SYS

  -------         MODULE        UART
  C:0000H         SYMBOL        _ICE_DUMMY_
  D:00B1H         PUBLIC        P0M1
  D:00B2H         PUBLIC        P0M2
  D:0080H         PUBLIC        P0
  D:0090H         PUBLIC        P1
  D:00A0H         PUBLIC        P2
  D:00B0H         PUBLIC        P3
  B:00A8H.7       PUBLIC        EA
  D:00D8H         PUBLIC        PWMCON0
  C:006BH         PUBLIC        _UART_Send_Data
  C:13D2H         PUBLIC        SerialPort1_ISR
  D:00A8H         PUBLIC        IE
  D:00C7H         PUBLIC        TA
  D:00B8H         PUBLIC        IP
  B:0098H.0       PUBLIC        RI
  B:0098H.1       PUBLIC        TI
  B:0020H.0       PUBLIC        PRINTFG
  C:14EBH         PUBLIC        _Receive_Data
  B:00F8H.0       PUBLIC        RI_1
  B:00F8H.1       PUBLIC        TI_1
  D:0099H         PUBLIC        SBUF
  D:0087H         PUBLIC        PCON
  C:058FH         PUBLIC        _UART_Open
  C:13ACH         PUBLIC        Serial_ISR
  D:0098H         PUBLIC        SCON
  X:004AH         PUBLIC        uart0_receive_data
  B:0020H.1       PUBLIC        uart0_receive_flag
  D:0089H         PUBLIC        TMOD
  D:0088H         PUBLIC        TCON
  X:004BH         PUBLIC        uart1_receive_data
  B:0020H.2       PUBLIC        uart1_receive_flag
  D:0091H         PUBLIC        SFRS
  D:009AH         PUBLIC        SBUF_1
  D:00F8H         PUBLIC        SCON_1
  C:12FAH         PUBLIC        Enable_UART0_VCOM_printf_24M_115200
  D:00C6H         PUBLIC        RH3
  D:008DH         PUBLIC        TH1
  D:00C5H         PUBLIC        RL3
  B:0088H.6       PUBLIC        TR1
  D:00E8H         PUBLIC        ADCCON0
  D:00C0H         PUBLIC        I2CON
BL51 BANKED LINKER/LOCATER V6.22.4.0                                                  08/22/2025  16:52:04  PAGE 17


  D:00C8H         PUBLIC        T2CON
  D:00C4H         PUBLIC        T3CON
  D:008EH         PUBLIC        CKCON
  D:00D0H         PUBLIC        PSW
  -------         PROC          SERIAL_ISR
  C:13ACH         LINE#         18
  C:13B2H         LINE#         20
  C:13B4H         LINE#         22
  C:13B7H         LINE#         23
  C:13B7H         LINE#         24
  C:13B9H         LINE#         25
  C:13BFH         LINE#         26
  C:13C1H         LINE#         27
  C:13C1H         LINE#         29
  C:13C4H         LINE#         30
  C:13C4H         LINE#         31
  C:13C7H         LINE#         32
  C:13C7H         LINE#         33
  C:13C9H         LINE#         34
  C:13C9H         LINE#         35
  C:13C9H         LINE#         37
  C:13CBH         LINE#         38
  -------         ENDPROC       SERIAL_ISR
  -------         PROC          SERIALPORT1_ISR
  C:13D2H         LINE#         42
  C:13D8H         LINE#         44
  C:13DAH         LINE#         46
  C:13DDH         LINE#         47
  C:13DDH         LINE#         48
  C:13E3H         LINE#         49
  C:13E5H         LINE#         50
  C:13E7H         LINE#         51
  C:13E7H         LINE#         53
  C:13EAH         LINE#         54
  C:13EAH         LINE#         55
  C:13EDH         LINE#         56
  C:13EDH         LINE#         57
  C:13EFH         LINE#         58
  C:13EFH         LINE#         59
  C:13EFH         LINE#         61
  C:13F1H         LINE#         62
  -------         ENDPROC       SERIALPORT1_ISR
  -------         PROC          _UART_OPEN
  X:0000H         SYMBOL        u32SysClock
  X:0004H         SYMBOL        u8UARTPort
  X:0005H         SYMBOL        u32Baudrate
  C:058FH         LINE#         65
  C:0595H         LINE#         66
  C:0595H         LINE#         67
  C:05A9H         LINE#         68
  C:05A9H         LINE#         69
  C:05A9H         LINE#         70
  C:05ACH         LINE#         71
  C:05AFH         LINE#         72
  C:05B2H         LINE#         73
  C:05B5H         LINE#         74
  C:05CBH         LINE#         75
BL51 BANKED LINKER/LOCATER V6.22.4.0                                                  08/22/2025  16:52:04  PAGE 18


  C:05F7H         LINE#         76
  C:05F9H         LINE#         77
  C:05FAH         LINE#         79
  C:05FAH         LINE#         80
  C:05FDH         LINE#         81
  C:0600H         LINE#         82
  C:0603H         LINE#         83
  C:0619H         LINE#         84
  C:0655H         LINE#         85
  C:068FH         LINE#         86
  C:06A4H         LINE#         87
  C:06A5H         LINE#         89
  C:06A5H         LINE#         90
  C:06A8H         LINE#         91
  C:06ABH         LINE#         92
  C:06E8H         LINE#         93
  C:0722H         LINE#         94
  C:0737H         LINE#         95
  C:0737H         LINE#         96
  C:0737H         LINE#         97
  -------         ENDPROC       _UART_OPEN
  -------         PROC          _RECEIVE_DATA
  D:0007H         SYMBOL        UARTPort
  -------         DO            
  D:0006H         SYMBOL        c
  -------         ENDDO         
  C:14EBH         LINE#         100
  C:14EBH         LINE#         101
  C:14EBH         LINE#         103
  C:14F2H         LINE#         104
  C:14F2H         LINE#         105
  C:14F2H         LINE#         106
  C:14F5H         LINE#         107
  C:14F7H         LINE#         108
  C:14F9H         LINE#         109
  C:14FBH         LINE#         110
  C:14FBH         LINE#         111
  C:14FEH         LINE#         112
  C:1500H         LINE#         113
  C:1502H         LINE#         114
  C:1502H         LINE#         115
  C:1502H         LINE#         116
  C:1504H         LINE#         117
  -------         ENDPROC       _RECEIVE_DATA
  -------         PROC          _UART_SEND_DATA
  D:0007H         SYMBOL        UARTPort
  D:0005H         SYMBOL        c
  C:006BH         LINE#         120
  C:006BH         LINE#         121
  C:006BH         LINE#         122
  C:0072H         LINE#         123
  C:0072H         LINE#         124
  C:0072H         LINE#         125
  C:0074H         LINE#         126
  C:0075H         LINE#         127
  C:0075H         LINE#         128
  C:0079H         LINE#         129
BL51 BANKED LINKER/LOCATER V6.22.4.0                                                  08/22/2025  16:52:04  PAGE 19


  C:0079H         LINE#         130
  C:0079H         LINE#         131
  -------         ENDPROC       _UART_SEND_DATA
  -------         PROC          ENABLE_UART0_VCOM_PRINTF_24M_115200
  C:12FAH         LINE#         133
  C:12FAH         LINE#         134
  C:12FAH         LINE#         135
  C:1313H         LINE#         136
  C:132BH         LINE#         137
  C:132FH         LINE#         138
  -------         ENDPROC       ENABLE_UART0_VCOM_PRINTF_24M_115200
  -------         ENDMOD        UART

  -------         MODULE        DELAY
  C:0000H         SYMBOL        _ICE_DUMMY_
  D:0080H         PUBLIC        P0
  D:0090H         PUBLIC        P1
  D:00A0H         PUBLIC        P2
  D:00B0H         PUBLIC        P3
  D:009CH         PUBLIC        EIE1
  B:00A8H.7       PUBLIC        EA
  D:00D8H         PUBLIC        PWMCON0
  C:0BEEH         PUBLIC        _Timer0_Delay
  C:0CC3H         PUBLIC        _Timer1_Delay
  C:08C1H         PUBLIC        _Timer2_Delay
  C:0738H         PUBLIC        _Timer3_Delay
  D:00A8H         PUBLIC        IE
  D:00C7H         PUBLIC        TA
  D:00B8H         PUBLIC        IP
  D:0098H         PUBLIC        SCON
  D:0089H         PUBLIC        TMOD
  D:0088H         PUBLIC        TCON
  D:0091H         PUBLIC        SFRS
  B:00C8H.0       PUBLIC        CM_RL2
  D:00F8H         PUBLIC        SCON_1
  B:00A8H.1       PUBLIC        ET0
  B:0088H.5       PUBLIC        TF0
  B:00A8H.3       PUBLIC        ET1
  B:0088H.7       PUBLIC        TF1
  B:00C8H.7       PUBLIC        TF2
  D:008CH         PUBLIC        TH0
  D:00C6H         PUBLIC        RH3
  D:008DH         PUBLIC        TH1
  D:00CDH         PUBLIC        TH2
  D:008AH         PUBLIC        TL0
  D:00C5H         PUBLIC        RL3
  D:008BH         PUBLIC        TL1
  D:00CCH         PUBLIC        TL2
  D:009BH         PUBLIC        EIE
  B:0088H.4       PUBLIC        TR0
  B:0088H.6       PUBLIC        TR1
  B:00C8H.2       PUBLIC        TR2
  D:00E8H         PUBLIC        ADCCON0
  D:00C0H         PUBLIC        I2CON
  C:14B4H         PUBLIC        _Timer_Interrupt_Enable
  D:00C9H         PUBLIC        T2MOD
  D:00C8H         PUBLIC        T2CON
BL51 BANKED LINKER/LOCATER V6.22.4.0                                                  08/22/2025  16:52:04  PAGE 20


  D:00C4H         PUBLIC        T3CON
  D:008EH         PUBLIC        CKCON
  D:00D0H         PUBLIC        PSW
  -------         PROC          _TIMER0_DELAY
  X:0030H         SYMBOL        u32SYSCLK
  X:0034H         SYMBOL        u16CNT
  X:0036H         SYMBOL        u16DLYUnit
  -------         DO            
  X:0038H         SYMBOL        TL0TMP
  D:0007H         SYMBOL        TH0TMP
  -------         ENDDO         
  C:0BEEH         LINE#         28
  C:0BF4H         LINE#         29
  C:0BF4H         LINE#         32
  C:0BF7H         LINE#         33
  C:0BFDH         LINE#         34
  C:0C4BH         LINE#         35
  C:0C97H         LINE#         37
  C:0CA1H         LINE#         38
  C:0CA1H         LINE#         39
  C:0CA7H         LINE#         40
  C:0CA9H         LINE#         41
  C:0CABH         LINE#         42
  C:0CAEH         LINE#         43
  C:0CB0H         LINE#         44
  C:0CB2H         LINE#         45
  C:0CC0H         LINE#         46
  C:0CC2H         LINE#         48
  -------         ENDPROC       _TIMER0_DELAY
  -------         PROC          _TIMER1_DELAY
  X:0039H         SYMBOL        u32SYSCLK
  X:003DH         SYMBOL        u16CNT
  X:003FH         SYMBOL        u16DLYUnit
  -------         DO            
  X:0041H         SYMBOL        TL1TMP
  D:0007H         SYMBOL        TH1TMP
  -------         ENDDO         
  C:0CC3H         LINE#         63
  C:0CC9H         LINE#         64
  C:0CC9H         LINE#         67
  C:0CCCH         LINE#         68
  C:0CD2H         LINE#         69
  C:0D20H         LINE#         70
  C:0D6CH         LINE#         72
  C:0D76H         LINE#         73
  C:0D76H         LINE#         74
  C:0D7CH         LINE#         75
  C:0D7EH         LINE#         76
  C:0D80H         LINE#         77
  C:0D83H         LINE#         78
  C:0D85H         LINE#         79
  C:0D87H         LINE#         80
  C:0D95H         LINE#         81
  C:0D97H         LINE#         82
  -------         ENDPROC       _TIMER1_DELAY
  -------         PROC          _TIMER2_DELAY
  X:0006H         SYMBOL        u32SYSCLK
BL51 BANKED LINKER/LOCATER V6.22.4.0                                                  08/22/2025  16:52:04  PAGE 21


  X:000AH         SYMBOL        u16TMDIV
  X:000CH         SYMBOL        u16CNT
  X:000EH         SYMBOL        u32DLYUnit
  -------         DO            
  X:0012H         SYMBOL        TL2TMP
  D:0007H         SYMBOL        TH2TMP
  -------         ENDDO         
  C:08C1H         LINE#         99
  C:08C7H         LINE#         100
  C:08C7H         LINE#         103
  C:08CAH         LINE#         104
  C:08FAH         LINE#         105
  C:08FAH         LINE#         106
  C:08FFH         LINE#         107
  C:0907H         LINE#         108
  C:090FH         LINE#         109
  C:0917H         LINE#         110
  C:091FH         LINE#         111
  C:0927H         LINE#         112
  C:092FH         LINE#         113
  C:0935H         LINE#         114
  C:0935H         LINE#         115
  C:0937H         LINE#         116
  C:093AH         LINE#         117
  C:093DH         LINE#         118
  C:0995H         LINE#         119
  C:09EBH         LINE#         120
  C:09F5H         LINE#         121
  C:09F5H         LINE#         122
  C:09FBH         LINE#         123
  C:09FDH         LINE#         124
  C:09FFH         LINE#         125
  C:0A02H         LINE#         126
  C:0A04H         LINE#         127
  C:0A06H         LINE#         128
  C:0A14H         LINE#         129
  C:0A16H         LINE#         130
  -------         ENDPROC       _TIMER2_DELAY
  -------         PROC          _TIMER3_DELAY
  X:0024H         SYMBOL        u32SYSCLK
  X:0028H         SYMBOL        u8TMDIV
  X:0029H         SYMBOL        u16CNT
  X:002BH         SYMBOL        u32DLYUnit
  -------         DO            
  X:002FH         SYMBOL        TL3TMP
  D:0007H         SYMBOL        TH3TMP
  -------         ENDDO         
  C:0738H         LINE#         146
  C:073EH         LINE#         147
  C:073EH         LINE#         150
  C:0741H         LINE#         151
  C:0765H         LINE#         152
  C:0765H         LINE#         153
  C:076AH         LINE#         154
  C:0772H         LINE#         155
  C:077AH         LINE#         156
  C:0782H         LINE#         157
BL51 BANKED LINKER/LOCATER V6.22.4.0                                                  08/22/2025  16:52:04  PAGE 22


  C:078AH         LINE#         158
  C:0792H         LINE#         159
  C:079AH         LINE#         160
  C:07A0H         LINE#         161
  C:07A0H         LINE#         162
  C:07F0H         LINE#         163
  C:083EH         LINE#         164
  C:0848H         LINE#         165
  C:0848H         LINE#         166
  C:085EH         LINE#         167
  C:0864H         LINE#         168
  C:0866H         LINE#         169
  C:087CH         LINE#         170
  C:0884H         LINE#         171
  C:089AH         LINE#         172
  C:08AFH         LINE#         173
  C:08BDH         LINE#         174
  C:08C0H         LINE#         175
  -------         ENDPROC       _TIMER3_DELAY
  -------         PROC          _TIMER_INTERRUPT_ENABLE
  D:0007H         SYMBOL        u8TM
  C:14B4H         LINE#         183
  C:14B4H         LINE#         184
  C:14B4H         LINE#         185
  C:14C2H         LINE#         186
  C:14C2H         LINE#         187
  C:14C5H         LINE#         188
  C:14C8H         LINE#         189
  C:14CCH         LINE#         190
  C:14CFH         LINE#         191
  C:14CFH         LINE#         192
  -------         ENDPROC       _TIMER_INTERRUPT_ENABLE
  -------         ENDMOD        DELAY

  -------         MODULE        ?C_STARTUP
  C:0F18H         SEGMENT       ?C_C51STARTUP
  I:0021H         SEGMENT       ?STACK
  C:0000H         PUBLIC        ?C_STARTUP
  D:00E0H         SYMBOL        ACC
  D:00F0H         SYMBOL        B
  D:0083H         SYMBOL        DPH
  D:0082H         SYMBOL        DPL
  N:0000H         SYMBOL        IBPSTACK
  N:0100H         SYMBOL        IBPSTACKTOP
  N:0080H         SYMBOL        IDATALEN
  C:0F1BH         SYMBOL        IDATALOOP
  N:0000H         SYMBOL        PBPSTACK
  N:0000H         SYMBOL        PBPSTACKTOP
  N:0000H         SYMBOL        PDATALEN
  N:0000H         SYMBOL        PDATASTART
  N:0000H         SYMBOL        PPAGE
  N:0000H         SYMBOL        PPAGEENABLE
  D:00A0H         SYMBOL        PPAGE_SFR
  D:0081H         SYMBOL        SP
  C:0F18H         SYMBOL        STARTUP1
  N:0000H         SYMBOL        XBPSTACK
  N:0000H         SYMBOL        XBPSTACKTOP
BL51 BANKED LINKER/LOCATER V6.22.4.0                                                  08/22/2025  16:52:04  PAGE 23


  N:02FFH         SYMBOL        XDATALEN
  C:0F26H         SYMBOL        XDATALOOP
  N:0000H         SYMBOL        XDATASTART
  C:0000H         LINE#         94
  C:0F18H         LINE#         109
  C:0F1AH         LINE#         110
  C:0F1BH         LINE#         111
  C:0F1CH         LINE#         112
  C:0F1EH         LINE#         116
  C:0F21H         LINE#         117
  C:0F23H         LINE#         119
  C:0F25H         LINE#         123
  C:0F26H         LINE#         124
  C:0F27H         LINE#         125
  C:0F28H         LINE#         126
  C:0F2AH         LINE#         127
  C:0F2CH         LINE#         161
  C:0F2FH         LINE#         165
  -------         ENDMOD        ?C_STARTUP

  -------         MODULE        ?C?FPADD
  C:0085H         PUBLIC        ?C?FPADD
  C:0081H         PUBLIC        ?C?FPSUB
  -------         ENDMOD        ?C?FPADD

  -------         MODULE        ?C?FPMUL
  C:0176H         PUBLIC        ?C?FPMUL
  -------         ENDMOD        ?C?FPMUL

  -------         MODULE        ?C?FPDIV
  C:027FH         PUBLIC        ?C?FPDIV
  -------         ENDMOD        ?C?FPDIV

  -------         MODULE        ?C?FCAST
  C:0326H         PUBLIC        ?C?FCASTC
  C:0321H         PUBLIC        ?C?FCASTI
  C:031CH         PUBLIC        ?C?FCASTL
  -------         ENDMOD        ?C?FCAST

  -------         MODULE        ?C?IILDX
  C:03A4H         PUBLIC        ?C?IILDX
  -------         ENDMOD        ?C?IILDX

  -------         MODULE        ?C?LMUL
  C:03BAH         PUBLIC        ?C?LMUL
  -------         ENDMOD        ?C?LMUL

  -------         MODULE        ?C?ULDIV
  C:0445H         PUBLIC        ?C?ULDIV
  -------         ENDMOD        ?C?ULDIV

  -------         MODULE        ?C?LNEG
  C:04D7H         PUBLIC        ?C?LNEG
  -------         ENDMOD        ?C?LNEG

  -------         MODULE        ?C?ULSHR
  C:04E5H         PUBLIC        ?C?ULSHR
BL51 BANKED LINKER/LOCATER V6.22.4.0                                                  08/22/2025  16:52:04  PAGE 24


  -------         ENDMOD        ?C?ULSHR

  -------         MODULE        ?C?LSTXDATA
  C:04F8H         PUBLIC        ?C?LSTXDATA
  -------         ENDMOD        ?C?LSTXDATA

  -------         MODULE        ?C?LSTKXDATA
  C:0504H         PUBLIC        ?C?LSTKXDATA
  -------         ENDMOD        ?C?LSTKXDATA

  -------         MODULE        ?C?ICASE
  C:0535H         PUBLIC        ?C?ICASE
  -------         ENDMOD        ?C?ICASE

  -------         MODULE        ?C?LIMUL
  C:0562H         PUBLIC        ?C?LIMUL
  -------         ENDMOD        ?C?LIMUL

Program Size: data=15.6 xdata=76 code=5447
LINK/LOCATE RUN COMPLETE.  0 WARNING(S),  0 ERROR(S)
