C51 COMPILER V9.60.0.0   ADC_BG_VDD                                                        10/18/2021 13:28:23 PAGE 1   


C51 COMPILER V9.60.0.0, COMPILATION OF MODULE ADC_BG_VDD
OBJECT MODULE PLACED IN .\Output\ADC_BG_VDD.obj
COMPILER INVOKED BY: C:\Keil_v5\C51\BIN\C51.EXE ..\ADC_BG_VDD.c COMPACT OPTIMIZE(7,SPEED) BROWSE INCDIR(..\..\..\..\Libr
                    -ary\Device\Include;..\..\..\..\Library\StdDriver\inc) DEBUG OBJECTEXTEND PRINT(.\LST\ADC_BG_VDD.lst) TABS(2) OBJECT(.\Ou
                    -tput\ADC_BG_VDD.obj)

line level    source

   1          /**
   2           ******************************************************************************
   3           *
   4           * @author     Bacancy Systems LLP 
   5           * @date       13, September, 2021
   6           * @File_name: main.c
   7           ******************************************************************************
   8           */
   9           
  10           //  File Function: MS51FB9AE SOC demo code
  11          #include "MS51_16K.H"
  12          #include "i2c.h"
  13          #include "ssd1306.h"
  14          #include "math.h"
  15          
  16          
  17          #define MOV_AVE_ARR_SIZE    18
  18          #define VOL_ARR_SIZE        4
  19          #define VREF                5
  20          #define VOLTAGE_MUL_FACTOR  16.32
  21          
  22          
  23          const unsigned char vertical[] = {
  24          0xff
  25          };
  26          const unsigned char bar[] = {
  27            0xff, 0xff, 0xff, 0xff
  28          };
  29          const unsigned char barclear[] = {
  30            0x00, 0x00, 0x00, 0x00
  31          };
  32          
  33          const unsigned char horizontal[] = {
  34          0x01
  35          };
  36          
  37          unsigned char v1[2] = {'0',0};
  38          unsigned char v2[2] = {'0',0};
  39          unsigned char v3[2] = {'0',0};
  40          unsigned char soc[4] ={'0','0','0',0};
  41          unsigned char s1[2] = {'0',0};
  42          unsigned char s2[2] = {'0',0};
  43          unsigned char s3[2] = {'0',0};
  44          unsigned char adc_counter;
  45          
  46          
  47          unsigned int adc_read(void)
  48          {
  49   1        register unsigned int adc_value = 0x0000;
  50   1        clr_ADCF;
  51   1        set_ADCS;                  
  52   1        while(ADCF == 0);
  53   1        adc_value = ADCRH;
C51 COMPILER V9.60.0.0   ADC_BG_VDD                                                        10/18/2021 13:28:23 PAGE 2   

  54   1        adc_value <<= 4;
  55   1        adc_value |= ADCRL;
  56   1        return adc_value;
  57   1      }
  58          
  59          
  60          double get_voltage(UINT16 adc_val)
  61          {
  62   1        double vol;
  63   1        vol = ((adc_val * VREF *VOLTAGE_MUL_FACTOR) / 4095);
  64   1        return vol;
  65   1        
  66   1      }
  67          
  68          void adc_init(void)
  69          {
  70   1        ENABLE_ADC_AIN4;
  71   1        ADCCON1|=0x30;            /* clock divider */
  72   1        ADCCON2|=0x0E;            /* AQT time */
  73   1        AUXR1|=SET_BIT4;          /* ADC clock low speed */
  74   1      }
  75          
  76          void check_soc(double voltage , char *soc)
  77          {
  78   1      
  79   1        if((voltage <= 53.000 && voltage >= 52.300) || (voltage >53.000))
  80   1        {
  81   2          soc[0] = '1';
  82   2          soc[1] = '0';
  83   2          soc[2] = '0';
  84   2        }
  85   1        else if(voltage <= 52.200 && voltage >= 51.500)
  86   1        {
  87   2          soc[0] = ' ';
  88   2          soc[1] = '9';
  89   2          soc[2] = '5';
  90   2        }
  91   1        else if(voltage <= 51.400 && voltage >= 50.800)
  92   1        {
  93   2          soc[0] = ' ';
  94   2          soc[1] = '9';
  95   2          soc[2] = '0';
  96   2        }
  97   1        else if(voltage <= 50.700 && voltage >= 50.600)
  98   1        {
  99   2          soc[0] = ' ';
 100   2          soc[1] = '8';
 101   2          soc[2] = '5';
 102   2        }
 103   1        else if(voltage <= 50.500 && voltage >= 50.100)
 104   1        {
 105   2          soc[0] = ' ';
 106   2          soc[1] = '8';
 107   2          soc[2] = '4';
 108   2        }
 109   1        else if(voltage <= 50.000 && voltage >= 49.400)
 110   1        {
 111   2          soc[0] = ' ';
 112   2          soc[1] = '8';
 113   2          soc[2] = '0';
 114   2        }
 115   1        else if(voltage <= 49.300 && voltage >= 49.100 )
C51 COMPILER V9.60.0.0   ADC_BG_VDD                                                        10/18/2021 13:28:23 PAGE 3   

 116   1        {
 117   2          soc[0] = ' ';
 118   2          soc[1] = '7';
 119   2          soc[2] = '5';
 120   2        }
 121   1        else if(voltage <= 49.000 && voltage >= 47.400)
 122   1        {
 123   2          soc[0] = ' ';
 124   2          soc[1] = '7';
 125   2          soc[2] = '3';
 126   2        }
 127   1        else if(voltage <= 47.300 &&voltage >= 46.900)
 128   1        {
 129   2          soc[0] = ' ';
 130   2          soc[1] = '6';
 131   2          soc[2] = '0';
 132   2        }
 133   1        else if(voltage <= 46.800 && voltage >= 46.600)
 134   1        {
 135   2          soc[0] = ' ';
 136   2          soc[1] = '5';
 137   2          soc[2] = '5';
 138   2        }
 139   1        else if(voltage <= 46.500 && voltage >= 46.100)
 140   1        {
 141   2          soc[0] = ' ';
 142   2          soc[1] = '5';
 143   2          soc[2] = '0';
 144   2        }
 145   1      
 146   1        else if(voltage <= 46.000 && voltage >= 45.800)
 147   1        {
 148   2          soc[0] = ' ';
 149   2          soc[1] = '4';
 150   2          soc[2] = '5';
 151   2        }
 152   1        else if(voltage <= 45.700 && voltage >= 45.500)
 153   1        {
 154   2          soc[0] = ' ';
 155   2          soc[1] = '4';
 156   2          soc[2] = '0';
 157   2        }
 158   1        else if(voltage <= 45.400 && voltage >= 45.300)
 159   1        {
 160   2          soc[0] = ' ';
 161   2          soc[1] = '3';
 162   2          soc[2] = '5';
 163   2        }
 164   1        else if(voltage <= 45.200 && voltage >= 44.800)
 165   1        {
 166   2          soc[0] = ' ';
 167   2          soc[1] = '3';
 168   2          soc[2] = '0';
 169   2        }
 170   1        else if(voltage <= 44.900&& voltage >= 44.700)
 171   1        {
 172   2          soc[0] = ' ';
 173   2          soc[1] = '2';
 174   2          soc[2] = '5';
 175   2        }
 176   1        else if(voltage <= 44.600 && voltage >= 44.300)
 177   1        {
C51 COMPILER V9.60.0.0   ADC_BG_VDD                                                        10/18/2021 13:28:23 PAGE 4   

 178   2          soc[0] = ' ';
 179   2          soc[1] = '2';
 180   2          soc[2] = '0';
 181   2        }
 182   1        else if(voltage <= 44.200 && voltage >= 43.800)
 183   1        {
 184   2          soc[0] = ' ';
 185   2          soc[1] = '1';
 186   2          soc[2] = '5';
 187   2        }
 188   1        else if(voltage <= 43.700 && voltage >= 42.600)
 189   1      
 190   1        {
 191   2          soc[0] = ' ';
 192   2          soc[1] = '1';
 193   2          soc[2] = '0';
 194   2        }
 195   1        else if(voltage <= 42.500 )
 196   1        {
 197   2          soc[0] = ' ';
 198   2          soc[1] = ' ';
 199   2          soc[2] = '0';
 200   2        }
 201   1      
 202   1        else
 203   1        {
 204   2          
 205   2        }
 206   1      }
 207          
 208          void printDigit(int N)
 209          {
 210   1          // To store the digit
 211   1          // of the number N
 212   1          unsigned int arr[5] = {0};
 213   1          int i = 0;
 214   1          int j, r;
 215   1        
 216   1          // Till N becomes 0
 217   1          while (N != 0) {
 218   2        
 219   2              // Extract the last digit of N
 220   2              r = N % 10;
 221   2        
 222   2              // Put the digit in arr[]
 223   2              arr[i] = r;
 224   2              i++;
 225   2        
 226   2              // Update N to N/10 to extract
 227   2              // next last digit
 228   2              N = N / 10;
 229   2          }
 230   1      
 231   1          for (j = 0; j < 6; j++) {
 232   2             // printf("\n arr = %d ", arr[j]);
 233   2            if (j == 0 )
 234   2            {
 235   3              sprintf((char *)v1,"%1.0d",arr[3]);
 236   3            }
 237   2            if (j == 1 )
 238   2            {
 239   3              sprintf((char *)v2,"%1.0d",arr[2]);
C51 COMPILER V9.60.0.0   ADC_BG_VDD                                                        10/18/2021 13:28:23 PAGE 5   

 240   3            }
 241   2          
 242   2            if (j == 2 )
 243   2            {
 244   3              sprintf((char *)v3,"%1.0d",arr[1]); 
 245   3            }
 246   2        
 247   2          }   
 248   1      }
 249          
 250          void oled_display(double voltage)
 251          {
 252   1         int i;
 253   1        check_soc(voltage, &soc);
 254   1        s1[0] = soc[0];
 255   1        s2[0] = soc[1];
 256   1        s3[0] = soc[2];
 257   1        sendStrXY(&s1,5,9);
 258   1        sendStrXY(&s2,5,10);
 259   1        sendStrXY(&s3,5,11);
 260   1        sendStrXY("%",5,13);
 261   1        sendStrXY(" ",1,7);
 262   1        sendStrXY(&v1,1,8);
 263   1        sendStrXY(&v2,1,9);
 264   1        sendStrXY(".",1,10);
 265   1        sendStrXY(&v3,1,11);
 266   1        sendStrXY(" ",1,12);
 267   1        sendStrXY("V",1,13);
 268   1        if (voltage>=53.00)
 269   1        {
 270   2              for(i=0;i<5;i++)
 271   2            {
 272   3              bardraw(barclear,5,2+i);
 273   3            }
 274   2        
 275   2            for(i=0;i<5;i++)
 276   2            {
 277   3              bardraw(bar,5,2+i);
 278   3            }
 279   2        }
 280   1        if (voltage <= 50.00 && voltage >= 47.400)
 281   1        {
 282   2            for(i=0;i<5;i++)
 283   2            {
 284   3              bardraw(barclear,5,2+i);
 285   3            }
 286   2          for(i=0;i<4;i++)
 287   2            {
 288   3              bardraw(bar,5,2+i);
 289   3            }
 290   2        }
 291   1        
 292   1        if (voltage <= 47.300 && voltage>=45.800)
 293   1        {
 294   2          for(i=0;i<5;i++)
 295   2            {
 296   3              bardraw(barclear,5,2+i);
 297   3            }
 298   2          for(i=0;i<3;i++)
 299   2            {
 300   3              bardraw(bar,5,2+i);
 301   3            }
C51 COMPILER V9.60.0.0   ADC_BG_VDD                                                        10/18/2021 13:28:23 PAGE 6   

 302   2        }
 303   1        if (voltage <= 45.500 && voltage>=44.700)
 304   1        
 305   1        {
 306   2          for(i=0;i<5;i++)
 307   2            {
 308   3              bardraw(barclear,5,2+i);
 309   3            }
 310   2          for(i=0;i<2;i++)
 311   2            {
 312   3              bardraw(bar,5,2+i);
 313   3            }
 314   2        }
 315   1          
 316   1        if (voltage <= 44.300 &&voltage>=42.600)
 317   1        {
 318   2          for(i=0;i<5;i++)
 319   2            {
 320   3              bardraw(barclear,5,2+i);
 321   3            }
 322   2          for(i=0;i<1;i++)
 323   2            {
 324   3              bardraw(bar,5,2+i);
 325   3            }
 326   2        }
 327   1      
 328   1        if(voltage <= 42.500 && voltage >= 0)
 329   1        {
 330   2          for(i=0;i<5;i++)
 331   2            {
 332   3              bardraw(barclear,5,2+i);
 333   3            }
 334   2        }
 335   1      }
 336          
 337          
 338          unsigned int update_array_moving(double new_data)
 339          {
 340   1          static unsigned int data1[VOL_ARR_SIZE];
 341   1          static unsigned char old_data_index = 0;
 342   1          unsigned int diff_array[VOL_ARR_SIZE], l_old_data_index;
 343   1          int i, location, l_location;
 344   1          unsigned int diff;
 345   1          
 346   1          l_location = old_data_index;
 347   1          data1[old_data_index] = new_data *100.0 ;
 348   1          printf("Latest Reading %d \n", data1[old_data_index]  );
 349   1          old_data_index = (old_data_index == (VOL_ARR_SIZE-1)) ? 0 : (++old_data_index);
 350   1        
 351   1      
 352   1           for ( i =0;i<VOL_ARR_SIZE;i++)
 353   1             printf(" %d ", data1[i]);
 354   1           printf(" \n ");
 355   1           printf(" diff: ");
 356   1           l_old_data_index = old_data_index;
 357   1           for ( i =0;i<VOL_ARR_SIZE;i++)
 358   1           {
 359   2             diff_array[l_old_data_index] = abs(data1[l_old_data_index] - data1[ ((l_old_data_index == (VOL_ARR_SIZ
             -E-1)) ? 0 : (l_old_data_index +1))]);
 360   2             l_old_data_index = (l_old_data_index == (VOL_ARR_SIZE-1)) ? 0 : (++l_old_data_index);
 361   2           }
 362   1           for ( i =0;i<VOL_ARR_SIZE;i++)
C51 COMPILER V9.60.0.0   ADC_BG_VDD                                                        10/18/2021 13:28:23 PAGE 7   

 363   1           {
 364   2             printf(" %d ", diff_array[i]);
 365   2           }
 366   1           printf(" \n ");
 367   1           
 368   1           diff = diff_array[0];
 369   1           for (i =0; i < VOL_ARR_SIZE ; i++)
 370   1           {
 371   2              if (diff_array[i] < diff)
 372   2              {
 373   3                diff = diff_array[i];
 374   3                location = i;
 375   3              }
 376   2              if(diff > 25){
 377   3                location = l_location;
 378   3                break;
 379   3              } 
 380   2            }
 381   1      
 382   1          printf("min dif %d index %d , value %d \n\n\n", diff ,location ,data1[location] );            
 383   1          return data1[location];
 384   1      
 385   1      }
 386          
 387          
 388          double adc_moving_avg(double new_data)
 389          {
 390   1          static double DATA[MOV_AVE_ARR_SIZE];
 391   1          static unsigned char old_data_index = 0;
 392   1          static double sum = 0;
 393   1      
 394   1          /* Subtract oldest value from sum and add new value to sum  */
 395   1          sum = sum - DATA[old_data_index] + new_data;
 396   1      
 397   1          /* Overwrite new value in place of oldest value */
 398   1          DATA[old_data_index] = new_data;
 399   1      
 400   1          /* Increment index. But remember, this is a circular buffer. */
 401   1          old_data_index = (old_data_index == (MOV_AVE_ARR_SIZE-1)) ? 0 : (++old_data_index);
 402   1      
 403   1          return(double)(sum / MOV_AVE_ARR_SIZE);
 404   1        
 405   1      }
 406          
 407          
 408          /******************************************************************************
 409          The main C function.  Program execution starts
 410          here after stack initialization.
 411          ******************************************************************************/
 412          void main (void) 
 413          {
 414   1       int i;
 415   1        double voltage;
 416   1        int adc_data;
 417   1        /* UART0 settting for printf function */
 418   1        MODIFY_HIRC(HIRC_24);
 419   1        P06_QUASI_MODE;
 420   1      
 421   1        UART_Open(24000000,UART0_Timer3,115200);
 422   1        ENABLE_UART0_PRINTF;
 423   1      
 424   1        adc_init();
C51 COMPILER V9.60.0.0   ADC_BG_VDD                                                        10/18/2021 13:28:23 PAGE 8   

 425   1        Init_I2C();
 426   1        OLED_Init();
 427   1      
 428   1      for(i=0;i<1;i++)
 429   1        {
 430   2      
 431   2         LogoXY(vertical,4,7);
 432   2         LogoXY(vertical,5,7);
 433   2         LogoXY(vertical,6,7);
 434   2        
 435   2        }
 436   1      
 437   1      for(i=0;i<6;i++)
 438   1        {
 439   2         sendStrXY("-",3,i+1);
 440   2        
 441   2        }
 442   1        for(i=0;i<1;i++)
 443   1        {
 444   2         LogoXY(vertical,4,1);
 445   2         LogoXY(vertical,5,1);
 446   2         LogoXY(vertical,6,1);
 447   2        
 448   2        }
 449   1        for(i=0;i<6;i++)
 450   1        {
 451   2         sendStrXY("-",7,i+1);
 452   2        
 453   2        }
 454   1        
 455   1        drawline("-",5,7);
 456   1        LogoXY(vertical,5,8);
 457   1        drawline("-",6,7);
 458   1        LogoXY(vertical,6,7);
 459   1      
 460   1      
 461   1        sendStrXY("V",1,1);
 462   1        sendStrXY("0",1,2);
 463   1        sendStrXY("L",1,3);
 464   1        sendStrXY("T",1,4);
 465   1        sendStrXY(":",1,6);
 466   1      
 467   1        oled_display(voltage);
 468   1        adc_counter = 0;
 469   1      
 470   1        while(1)
 471   1        {
 472   2            adc_data = adc_read();
 473   2            voltage  = get_voltage(adc_data); 
 474   2            voltage  = adc_moving_avg(voltage);
 475   2            if(adc_counter++ >= MOV_AVE_ARR_SIZE)
 476   2            {
 477   3              adc_counter=0;
 478   3              voltage=  update_array_moving(voltage);
 479   3              voltage=(voltage/100);
 480   3              printf("\n  volt %0.1f %0.2f ", voltage,voltage);
 481   3              printDigit(voltage*100);
 482   3              oled_display(voltage);      
 483   3            }     
 484   2            Timer2_Delay(24000000,1,100,1000);
 485   2        }
 486   1      
C51 COMPILER V9.60.0.0   ADC_BG_VDD                                                        10/18/2021 13:28:23 PAGE 9   

 487   1      }
 488          
 489          


MODULE INFORMATION:   STATIC OVERLAYABLE
   CODE SIZE        =   5172    ----
   CONSTANT SIZE    =    127    ----
   XDATA SIZE       =   ----    ----
   PDATA SIZE       =    113      57
   DATA SIZE        =   ----    ----
   IDATA SIZE       =   ----    ----
   BIT SIZE         =   ----    ----
END OF MODULE INFORMATION.


C51 COMPILATION COMPLETE.  0 WARNING(S),  0 ERROR(S)
